[     472ms] [LOG] [Fast Refresh] rebuilding @ http://localhost:3000/_next/static/chunks/0prs_next_dist_05bghtc._.js:2477
[    2190ms] [LOG] [Fast Refresh] done in 1832ms @ http://localhost:3000/_next/static/chunks/0prs_next_dist_05bghtc._.js:2477
[    3029ms] [LOG] [Fast Refresh] rebuilding @ http://localhost:3000/_next/static/chunks/0prs_next_dist_05bghtc._.js:2477
[    3638ms] [LOG] [Fast Refresh] done in 713ms @ http://localhost:3000/_next/static/chunks/0prs_next_dist_05bghtc._.js:2477
[    4128ms] [INFO] %cDownload the React DevTools for a better development experience: https://react.dev/link/react-devtools font-weight:bold @ http://localhost:3000/_next/static/chunks/0prs_next_dist_05bghtc._.js:2477
[    4170ms] [LOG] [HMR] connected @ http://localhost:3000/_next/static/chunks/0prs_next_dist_05bghtc._.js:2477
[   42017ms] [LOG] [Fast Refresh] rebuilding @ http://localhost:3000/_next/static/chunks/0prs_next_dist_05bghtc._.js:2477
[   42110ms] [LOG] [Fast Refresh] done in 189ms @ http://localhost:3000/_next/static/chunks/0prs_next_dist_05bghtc._.js:2477
[   42500ms] [LOG] [Fast Refresh] rebuilding @ http://localhost:3000/_next/static/chunks/0prs_next_dist_05bghtc._.js:2477
[   42701ms] [LOG] [Fast Refresh] done in 302ms @ http://localhost:3000/_next/static/chunks/0prs_next_dist_05bghtc._.js:2477
[   57066ms] [LOG] [Fast Refresh] rebuilding @ http://localhost:3000/_next/static/chunks/0prs_next_dist_05bghtc._.js:2477
[   57360ms] [LOG] [Fast Refresh] done in 369ms @ http://localhost:3000/_next/static/chunks/0prs_next_dist_05bghtc._.js:2477
[   58694ms] [LOG] [Fast Refresh] rebuilding @ http://localhost:3000/_next/static/chunks/0prs_next_dist_05bghtc._.js:2477
[   58883ms] [LOG] [Fast Refresh] done in 291ms @ http://localhost:3000/_next/static/chunks/0prs_next_dist_05bghtc._.js:2477
[   91210ms] [LOG] [Fast Refresh] rebuilding @ http://localhost:3000/_next/static/chunks/0prs_next_dist_05bghtc._.js:2477
[   91269ms] [LOG] [Fast Refresh] done in 110ms @ http://localhost:3000/_next/static/chunks/0prs_next_dist_05bghtc._.js:2477
[   91382ms] [LOG] [Fast Refresh] rebuilding @ http://localhost:3000/_next/static/chunks/0prs_next_dist_05bghtc._.js:2477
[   92183ms] [LOG] [Fast Refresh] done in 913ms @ http://localhost:3000/_next/static/chunks/0prs_next_dist_05bghtc._.js:2477
[   92855ms] [LOG] [Fast Refresh] rebuilding @ http://localhost:3000/_next/static/chunks/0prs_next_dist_05bghtc._.js:2477
[   93003ms] [LOG] [Fast Refresh] done in 257ms @ http://localhost:3000/_next/static/chunks/0prs_next_dist_05bghtc._.js:2477
[   93712ms] [LOG] [Fast Refresh] rebuilding @ http://localhost:3000/_next/static/chunks/0prs_next_dist_05bghtc._.js:2477
[   93767ms] [LOG] [Fast Refresh] done in 157ms @ http://localhost:3000/_next/static/chunks/0prs_next_dist_05bghtc._.js:2477
[   94271ms] [LOG] [Fast Refresh] rebuilding @ http://localhost:3000/_next/static/chunks/0prs_next_dist_05bghtc._.js:2477
[   94338ms] [LOG] [Fast Refresh] done in 168ms @ http://localhost:3000/_next/static/chunks/0prs_next_dist_05bghtc._.js:2477
