[    1331ms] [INFO] %cDownload the React DevTools for a better development experience: https://react.dev/link/react-devtools font-weight:bold @ http://localhost:3000/_next/static/chunks/0prs_next_dist_05bghtc._.js:2477
[    1367ms] [LOG] [HMR] connected @ http://localhost:3000/_next/static/chunks/0prs_next_dist_05bghtc._.js:2477
[    1439ms] [WARNING] Image with src "/images/lessons/crawl.jpg" was detected as the Largest Contentful Paint (LCP). Please add the `loading="eager"` property if this image is above the fold.
Read more: https://nextjs.org/docs/app/api-reference/components/image#loading @ http://localhost:3000/_next/static/chunks/0prs_next_dist_05bghtc._.js:2477
[   18964ms] [LOG] [Fast Refresh] rebuilding @ http://localhost:3000/_next/static/chunks/0prs_next_dist_05bghtc._.js:2477
[   19950ms] [LOG] [Fast Refresh] done in 1095ms @ http://localhost:3000/_next/static/chunks/0prs_next_dist_05bghtc._.js:2477
[   22250ms] [WARNING] You may test your Stripe.js integration over HTTP. However, live Stripe.js integrations must use HTTPS. @ http://localhost:3000/_next/static/chunks/0prs_next_dist_05bghtc._.js:2477
[   22892ms] [LOG] [Fast Refresh] rebuilding @ http://localhost:3000/_next/static/chunks/0prs_next_dist_05bghtc._.js:2477
[   22893ms] [LOG] [Fast Refresh] done in 112ms @ http://localhost:3000/_next/static/chunks/0prs_next_dist_05bghtc._.js:2477
[   78582ms] [LOG] [Fast Refresh] rebuilding @ http://localhost:3000/_next/static/chunks/0prs_next_dist_05bghtc._.js:2477
[   78725ms] [LOG] [Fast Refresh] done in 225ms @ http://localhost:3000/_next/static/chunks/0prs_next_dist_05bghtc._.js:2477
[   80210ms] [LOG] [Fast Refresh] rebuilding @ http://localhost:3000/_next/static/chunks/0prs_next_dist_05bghtc._.js:2477
[   80435ms] [LOG] [Fast Refresh] done in 328ms @ http://localhost:3000/_next/static/chunks/0prs_next_dist_05bghtc._.js:2477
[   81682ms] [ERROR] %o

%s ReferenceError: Badge is not defined
    at LessonDetailPage (about://React/Server/C:%5CUsers%5Cktomo%5Cmy-company%5Cdev-piglet%5Cgroove-house%5Cswim.os%5Capps%5Crangers%5C.next%5Cdev%5Cserver%5Cchunks%5Cssr%5C%5Broot-of-the-server%5D__0kgs7xu._.js?150:424:396)
    at resolveErrorDev (http://localhost:3000/_next/static/chunks/0prs_next_dist_compiled_react-server-dom-turbopack_07pkedu._.js:1919:150)
    at processFullStringRow (http://localhost:3000/_next/static/chunks/0prs_next_dist_compiled_react-server-dom-turbopack_07pkedu._.js:2434:29)
    at processFullBinaryRow (http://localhost:3000/_next/static/chunks/0prs_next_dist_compiled_react-server-dom-turbopack_07pkedu._.js:2393:9)
    at processBinaryChunk (http://localhost:3000/_next/static/chunks/0prs_next_dist_compiled_react-server-dom-turbopack_07pkedu._.js:2502:221)
    at progress (http://localhost:3000/_next/static/chunks/0prs_next_dist_compiled_react-server-dom-turbopack_07pkedu._.js:2689:13) The above error occurred in the <LessonDetailPage> component. It was handled by the <ErrorBoundaryHandler> error boundary. @ http://localhost:3000/_next/static/chunks/0prs_next_dist_client_0qgasq8._.js:1998
[   81708ms] [ERROR] ReferenceError: Badge is not defined
    at LessonDetailPage (about://React/Server/C:%5CUsers%5Cktomo%5Cmy-company%5Cdev-piglet%5Cgroove-house%5Cswim.os%5Capps%5Crangers%5C.next%5Cdev%5Cserver%5Cchunks%5Cssr%5C%5Broot-of-the-server%5D__0kgs7xu._.js?150:424:396)
    at resolveErrorDev (http://localhost:3000/_next/static/chunks/0prs_next_dist_compiled_react-server-dom-turbopack_07pkedu._.js:1919:150)
    at processFullStringRow (http://localhost:3000/_next/static/chunks/0prs_next_dist_compiled_react-server-dom-turbopack_07pkedu._.js:2434:29)
    at processFullBinaryRow (http://localhost:3000/_next/static/chunks/0prs_next_dist_compiled_react-server-dom-turbopack_07pkedu._.js:2393:9)
    at processBinaryChunk (http://localhost:3000/_next/static/chunks/0prs_next_dist_compiled_react-server-dom-turbopack_07pkedu._.js:2502:221)
    at progress (http://localhost:3000/_next/static/chunks/0prs_next_dist_compiled_react-server-dom-turbopack_07pkedu._.js:2689:13) @ http://localhost:3000/_next/static/chunks/0prs_next_dist_05bghtc._.js:3318
[   81710ms] [ERROR] ReferenceError: Badge is not defined
    at LessonDetailPage (about://React/Server/C:%5CUsers%5Cktomo%5Cmy-company%5Cdev-piglet%5Cgroove-house%5Cswim.os%5Capps%5Crangers%5C.next%5Cdev%5Cserver%5Cchunks%5Cssr%5C%5Broot-of-the-server%5D__0kgs7xu._.js?150:424:396)
    at resolveErrorDev (http://localhost:3000/_next/static/chunks/0prs_next_dist_compiled_react-server-dom-turbopack_07pkedu._.js:1919:150)
    at processFullStringRow (http://localhost:3000/_next/static/chunks/0prs_next_dist_compiled_react-server-dom-turbopack_07pkedu._.js:2434:29)
    at processFullBinaryRow (http://localhost:3000/_next/static/chunks/0prs_next_dist_compiled_react-server-dom-turbopack_07pkedu._.js:2393:9)
    at processBinaryChunk (http://localhost:3000/_next/static/chunks/0prs_next_dist_compiled_react-server-dom-turbopack_07pkedu._.js:2502:221)
    at progress (http://localhost:3000/_next/static/chunks/0prs_next_dist_compiled_react-server-dom-turbopack_07pkedu._.js:2689:13) @ http://localhost:3000/_next/static/chunks/0prs_next_dist_05bghtc._.js:3318
[   81828ms] [LOG] [Fast Refresh] rebuilding @ http://localhost:3000/_next/static/chunks/0prs_next_dist_05bghtc._.js:2477
[   81833ms] [LOG] [Fast Refresh] done in 108ms @ http://localhost:3000/_next/static/chunks/0prs_next_dist_05bghtc._.js:2477
[  105601ms] [LOG] [Fast Refresh] rebuilding @ http://localhost:3000/_next/static/chunks/0prs_next_dist_05bghtc._.js:2477
[  105965ms] [LOG] [Fast Refresh] done in 463ms @ http://localhost:3000/_next/static/chunks/0prs_next_dist_05bghtc._.js:2477
[  107416ms] [LOG] [Fast Refresh] rebuilding @ http://localhost:3000/_next/static/chunks/0prs_next_dist_05bghtc._.js:2477
[  107625ms] [LOG] [Fast Refresh] done in 317ms @ http://localhost:3000/_next/static/chunks/0prs_next_dist_05bghtc._.js:2477
[  116788ms] [LOG] [Fast Refresh] rebuilding @ http://localhost:3000/_next/static/chunks/0prs_next_dist_05bghtc._.js:2477
[  116789ms] [LOG] [Fast Refresh] done in 106ms @ http://localhost:3000/_next/static/chunks/0prs_next_dist_05bghtc._.js:2477
[  134259ms] [LOG] [Fast Refresh] rebuilding @ http://localhost:3000/_next/static/chunks/0prs_next_dist_05bghtc._.js:2477
[  134509ms] [LOG] [Fast Refresh] done in 311ms @ http://localhost:3000/_next/static/chunks/0prs_next_dist_05bghtc._.js:2477
[  148677ms] [LOG] [Fast Refresh] rebuilding @ http://localhost:3000/_next/static/chunks/0prs_next_dist_05bghtc._.js:2477
[  148726ms] [LOG] [Fast Refresh] done in 151ms @ http://localhost:3000/_next/static/chunks/0prs_next_dist_05bghtc._.js:2477
[  149115ms] [LOG] [Fast Refresh] rebuilding @ http://localhost:3000/_next/static/chunks/0prs_next_dist_05bghtc._.js:2477
[  149320ms] [LOG] [Fast Refresh] done in 315ms @ http://localhost:3000/_next/static/chunks/0prs_next_dist_05bghtc._.js:2477
[  167158ms] [LOG] [Fast Refresh] rebuilding @ http://localhost:3000/_next/static/chunks/0prs_next_dist_05bghtc._.js:2477
[  167467ms] [LOG] [Fast Refresh] done in 408ms @ http://localhost:3000/_next/static/chunks/0prs_next_dist_05bghtc._.js:2477
[  168199ms] [LOG] [Fast Refresh] rebuilding @ http://localhost:3000/_next/static/chunks/0prs_next_dist_05bghtc._.js:2477
[  168357ms] [LOG] [Fast Refresh] done in 264ms @ http://localhost:3000/_next/static/chunks/0prs_next_dist_05bghtc._.js:2477
[  185648ms] [LOG] [Fast Refresh] rebuilding @ http://localhost:3000/_next/static/chunks/0prs_next_dist_05bghtc._.js:2477
[  185867ms] [LOG] [Fast Refresh] done in 280ms @ http://localhost:3000/_next/static/chunks/0prs_next_dist_05bghtc._.js:2477
[  194636ms] [LOG] [Fast Refresh] rebuilding @ http://localhost:3000/_next/static/chunks/0prs_next_dist_05bghtc._.js:2477
[  194637ms] [LOG] [Fast Refresh] done in 103ms @ http://localhost:3000/_next/static/chunks/0prs_next_dist_05bghtc._.js:2477
[  209860ms] [LOG] [Fast Refresh] rebuilding @ http://localhost:3000/_next/static/chunks/0prs_next_dist_05bghtc._.js:2477
[  210046ms] [LOG] [Fast Refresh] done in 269ms @ http://localhost:3000/_next/static/chunks/0prs_next_dist_05bghtc._.js:2477
[  211436ms] [LOG] [Fast Refresh] rebuilding @ http://localhost:3000/_next/static/chunks/0prs_next_dist_05bghtc._.js:2477
[  211659ms] [LOG] [Fast Refresh] done in 323ms @ http://localhost:3000/_next/static/chunks/0prs_next_dist_05bghtc._.js:2477
