[    1565ms] [INFO] %cDownload the React DevTools for a better development experience: https://react.dev/link/react-devtools font-weight:bold @ http://localhost:3000/_next/static/chunks/0prs_next_dist_05bghtc._.js:2477
[    1614ms] [LOG] [HMR] connected @ http://localhost:3000/_next/static/chunks/0prs_next_dist_05bghtc._.js:2477
[    1873ms] [LOG] [Fast Refresh] rebuilding @ http://localhost:3000/_next/static/chunks/0prs_next_dist_05bghtc._.js:2477
[    1889ms] [LOG] [Fast Refresh] done in 118ms @ http://localhost:3000/_next/static/chunks/0prs_next_dist_05bghtc._.js:2477
[   39828ms] [LOG] [Fast Refresh] rebuilding @ http://localhost:3000/_next/static/chunks/0prs_next_dist_05bghtc._.js:2477
[   41477ms] [LOG] [Fast Refresh] done in 1752ms @ http://localhost:3000/_next/static/chunks/0prs_next_dist_05bghtc._.js:2477
[   42243ms] [LOG] [Fast Refresh] rebuilding @ http://localhost:3000/_next/static/chunks/0prs_next_dist_05bghtc._.js:2477
[   42465ms] [LOG] [Fast Refresh] done in 326ms @ http://localhost:3000/_next/static/chunks/0prs_next_dist_05bghtc._.js:2477
[   45324ms] [LOG] [Fast Refresh] rebuilding @ http://localhost:3000/_next/static/chunks/0prs_next_dist_05bghtc._.js:2477
[   45369ms] [LOG] [Fast Refresh] done in 145ms @ http://localhost:3000/_next/static/chunks/0prs_next_dist_05bghtc._.js:2477
[   46730ms] [LOG] [Fast Refresh] rebuilding @ http://localhost:3000/_next/static/chunks/0prs_next_dist_05bghtc._.js:2477
[   46740ms] [LOG] [Fast Refresh] done in 112ms @ http://localhost:3000/_next/static/chunks/0prs_next_dist_05bghtc._.js:2477
[   47363ms] [LOG] [Fast Refresh] rebuilding @ http://localhost:3000/_next/static/chunks/0prs_next_dist_05bghtc._.js:2477
[   47394ms] [LOG] [Fast Refresh] done in 133ms @ http://localhost:3000/_next/static/chunks/0prs_next_dist_05bghtc._.js:2477
[   47512ms] [LOG] [Fast Refresh] rebuilding @ http://localhost:3000/_next/static/chunks/0prs_next_dist_05bghtc._.js:2477
[   47518ms] [LOG] [Fast Refresh] done in 120ms @ http://localhost:3000/_next/static/chunks/0prs_next_dist_05bghtc._.js:2477
[   47789ms] [LOG] [Fast Refresh] rebuilding @ http://localhost:3000/_next/static/chunks/0prs_next_dist_05bghtc._.js:2477
[   47859ms] [LOG] [Fast Refresh] done in 173ms @ http://localhost:3000/_next/static/chunks/0prs_next_dist_05bghtc._.js:2477
[   47988ms] [LOG] [Fast Refresh] rebuilding @ http://localhost:3000/_next/static/chunks/0prs_next_dist_05bghtc._.js:2477
[   48077ms] [LOG] [Fast Refresh] done in 191ms @ http://localhost:3000/_next/static/chunks/0prs_next_dist_05bghtc._.js:2477
[   48382ms] [LOG] [Fast Refresh] rebuilding @ http://localhost:3000/_next/static/chunks/0prs_next_dist_05bghtc._.js:2477
[   48472ms] [LOG] [Fast Refresh] done in 193ms @ http://localhost:3000/_next/static/chunks/0prs_next_dist_05bghtc._.js:2477
[   48579ms] [LOG] [Fast Refresh] rebuilding @ http://localhost:3000/_next/static/chunks/0prs_next_dist_05bghtc._.js:2477
[   48616ms] [LOG] [Fast Refresh] done in 143ms @ http://localhost:3000/_next/static/chunks/0prs_next_dist_05bghtc._.js:2477
[   50346ms] [LOG] [Fast Refresh] rebuilding @ http://localhost:3000/_next/static/chunks/0prs_next_dist_05bghtc._.js:2477
[   50414ms] [LOG] [Fast Refresh] done in 171ms @ http://localhost:3000/_next/static/chunks/0prs_next_dist_05bghtc._.js:2477
[   50666ms] [LOG] [Fast Refresh] rebuilding @ http://localhost:3000/_next/static/chunks/0prs_next_dist_05bghtc._.js:2477
[   50908ms] [LOG] [Fast Refresh] done in 345ms @ http://localhost:3000/_next/static/chunks/0prs_next_dist_05bghtc._.js:2477
[   66847ms] [LOG] [Fast Refresh] rebuilding @ http://localhost:3000/_next/static/chunks/0prs_next_dist_05bghtc._.js:2477
[   67712ms] [LOG] [Fast Refresh] done in 963ms @ http://localhost:3000/_next/static/chunks/0prs_next_dist_05bghtc._.js:2477
[   69262ms] [LOG] [Fast Refresh] rebuilding @ http://localhost:3000/_next/static/chunks/0prs_next_dist_05bghtc._.js:2477
[   69482ms] [LOG] [Fast Refresh] done in 332ms @ http://localhost:3000/_next/static/chunks/0prs_next_dist_05bghtc._.js:2477
